// Vitest Snapshot v1, https://vitest.dev/guide/snapshot.html

exports[`serializes a rich text field value using a given serializer map 1`] = `
[
  "<h1>Lorem ipsum dolor sit amet.</h1>",
  "<h2>Lorem ipsum dolor sit amet.</h2>",
  "<h3>Lorem ipsum dolor sit amet.</h3>",
  "<h4>Lorem ipsum dolor sit amet.</h4>",
  "<h5>Lorem ipsum dolor sit amet.</h5>",
  "<h6>Lorem ipsum dolor sit amet.</h6>",
  "<p>Lorem ipsum dolor sit amet.</p>",
  "<p></p>",
  "<h1>Lorem ipsum dolor <strong>sit amet</strong>, consectetur <em>adipiscing elit</em>, sed do eiusmod tempor incididunt ut labore et dolore <span class=\\"label\\">magna aliqua</span>. Ut enim ad minim veniam, quis nostrud exercitation ullamco laboris nisi ut aliquip ex ea <a href=\\"https://google.com\\" target=\\"undefined\\">commodo consequat</a>. Duis aute irure dolor in reprehenderit in voluptate velit esse cillum dolore eu fugiat <a href=\\"linkResolver(XvoFFREAAM0WGBng)\\">nulla pariatur</a>. Excepteur sint occaecat cupidatat <a href=\\"https://images.prismic.io/200629-sms-hoy/f0a757f6-770d-4eb8-a08b-f1727f1a58e4_guilherme-romano-KI2KaOeT670-unsplash.jpg?auto=compress,format\\">non proident</a>, sunt in culpa qui officia deserunt mollit anim id est laborum.</h1>",
  "<p>Lorem ipsum dolor <strong>sit amet</strong>, consectetur <em>adipiscing elit</em>, sed do eiusmod tempor incididunt ut labore et dolore <span class=\\"testLabel\\">magna aliqua</span>. Ut enim ad minim veniam, quis nostrud exercitation ullamco laboris nisi ut aliquip ex ea <a href=\\"https://google.com\\" target=\\"undefined\\">commodo consequat</a>. Duis aute irure dolor in reprehenderit in voluptate velit esse cillum dolore eu fugiat <a href=\\"linkResolver(XvoFFREAAM0WGBng)\\">nulla pariatur</a>. Excepteur sint occaecat cupidatat <a href=\\"https://images.prismic.io/200629-sms-hoy/f0a757f6-770d-4eb8-a08b-f1727f1a58e4_guilherme-romano-KI2KaOeT670-unsplash.jpg?auto=compress,format\\">non proident</a>, sunt in culpa qui officia deserunt mollit anim id est laborum.</p>",
  "<ol><li>Lorem ipsum dolor <strong>sit amet</strong>, consectetur <em>adipiscing elit</em>, sed do eiusmod tempor incididunt ut labore et dolore <span class=\\"label\\">magna aliqua</span>. Ut enim ad minim veniam, quis nostrud exercitation ullamco laboris nisi ut aliquip ex ea <a href=\\"https://google.com\\" target=\\"undefined\\">commodo consequat</a>. Duis aute irure dolor in reprehenderit in voluptate velit esse cillum dolore eu fugiat <a href=\\"linkResolver(XvoFFREAAM0WGBng)\\">nulla pariatur</a>. Excepteur sint occaecat cupidatat <a href=\\"https://images.prismic.io/200629-sms-hoy/f0a757f6-770d-4eb8-a08b-f1727f1a58e4_guilherme-romano-KI2KaOeT670-unsplash.jpg?auto=compress,format\\">non proident</a>, sunt in culpa qui officia deserunt mollit anim id est laborum.</li><li>Lorem ipsum dolor sit amet.</li><li>Lorem ipsum dolor sit amet.</li></ol>",
  "<ul><li>Lorem ipsum dolor <strong>sit amet</strong>, consectetur <em>adipiscing elit</em>, sed do eiusmod tempor incididunt ut labore et dolore <span class=\\"label\\">magna aliqua</span>. Ut enim ad minim veniam, quis nostrud exercitation ullamco laboris nisi ut aliquip ex ea <a href=\\"https://google.com\\" target=\\"undefined\\">commodo consequat</a>. Duis aute irure dolor in reprehenderit in voluptate velit esse cillum dolore eu fugiat <a href=\\"linkResolver(XvoFFREAAM0WGBng)\\">nulla pariatur</a>. Excepteur sint occaecat cupidatat <a href=\\"https://images.prismic.io/200629-sms-hoy/f0a757f6-770d-4eb8-a08b-f1727f1a58e4_guilherme-romano-KI2KaOeT670-unsplash.jpg?auto=compress,format\\">non proident</a>, sunt in culpa qui officia deserunt mollit anim id est laborum.</li><li>Lorem ipsum dolor sit amet.</li><li>Lorem ipsum dolor sit amet.</li></ul>",
  "<p>Lorem ipsum dolor <strong>sit amet</strong>, consectetur <em>adipiscing elit</em>, sed do eiusmod tempor incididunt ut labore et dolore <span class=\\"label\\">magna aliqua</span>. Ut enim ad minim veniam, quis nostrud exercitation ullamco laboris nisi ut aliquip ex ea <a href=\\"https://google.com\\" target=\\"undefined\\">commodo consequat</a>. Duis aute irure dolor in reprehenderit in voluptate velit esse cillum dolore eu fugiat <a href=\\"linkResolver(XvoFFREAAM0WGBng)\\">nulla pariatur</a>. Excepteur sint occaecat cupidatat <a href=\\"https://images.prismic.io/200629-sms-hoy/f0a757f6-770d-4eb8-a08b-f1727f1a58e4_guilherme-romano-KI2KaOeT670-unsplash.jpg?auto=compress,format\\">non proident</a>, sunt in culpa qui officia deserunt mollit anim id est laborum.</p>",
  "<p>Lorem ipsum dolor <strong>sit amet</strong>, consectetur <em>adipiscing elit</em>, sed do eiusmod tempor incididunt ut labore et dolore <span class=\\"label\\">magna aliqua</span>. Ut enim ad minim veniam, quis nostrud exercitation ullamco laboris nisi ut aliquip ex ea <a href=\\"https://google.com\\" target=\\"undefined\\">commodo consequat</a>. Duis aute irure dolor in reprehenderit in voluptate velit esse cillum dolore eu fugiat <a href=\\"linkResolver(XvoFFREAAM0WGBng)\\">nulla pariatur</a>. Excepteur sint occaecat cupidatat <a href=\\"https://images.prismic.io/200629-sms-hoy/f0a757f6-770d-4eb8-a08b-f1727f1a58e4_guilherme-romano-KI2KaOeT670-unsplash.jpg?auto=compress,format\\">non proident</a>, sunt in culpa qui offic<span class=\\"testLabel\\">ia deserunt mollit anim id est laborum.</span></p>",
  "<img src=\\"https://images.prismic.io/200629-sms-hoy/f0a757f6-770d-4eb8-a08b-f1727f1a58e4_guilherme-romano-KI2KaOeT670-unsplash.jpg?auto=compress,format\\" alt=\\"An Atlantic Puffin\\" />",
  "<img src=\\"https://images.prismic.io/200629-sms-hoy/f0a757f6-770d-4eb8-a08b-f1727f1a58e4_guilherme-romano-KI2KaOeT670-unsplash.jpg?auto=compress,format\\" alt=\\"An Atlantic Puffin\\" />",
  "<p><span class=\\"testLabel\\">Lorem ipsum dolor <strong>sit amet</strong>, consecte</span>tur <em>adipiscing elit</em>, sed do eiusmod tempor incididunt ut labore et dolore <span class=\\"label\\">magna aliqua</span>. Ut enim ad minim veniam, quis nostrud exercitation ullamco laboris nisi ut aliquip ex ea <a href=\\"https://google.com\\" target=\\"undefined\\">commodo consequat</a>. Duis aute irure dolor in reprehenderit in voluptate velit esse cillum dolore eu fugiat <a href=\\"linkResolver(XvoFFREAAM0WGBng)\\">nulla pariatur</a>. Excepteur sint occaecat cupidatat <a href=\\"https://images.prismic.io/200629-sms-hoy/f0a757f6-770d-4eb8-a08b-f1727f1a58e4_guilherme-romano-KI2KaOeT670-unsplash.jpg?auto=compress,format\\">non proident</a>, sunt in culpa qui officia deserunt mollit anim id est laborum.</p>",
  "<img src=\\"https://images.prismic.io/200629-sms-hoy/f0a757f6-770d-4eb8-a08b-f1727f1a58e4_guilherme-romano-KI2KaOeT670-unsplash.jpg?auto=compress,format\\" alt=\\"An Atlantic Puffin\\" />",
  "<p><span class=\\"label\\">Lorem ipsum dolor <strong>sit amet</strong>, consecte</span>tur <em>adipiscing elit</em>, sed do eiusmod tempor incididunt ut labore et dolore <span class=\\"label\\">magna aliqua</span>. Ut enim ad minim veniam, quis nostrud exercitation ullamco laboris nisi ut aliquip ex ea <a href=\\"https://google.com\\" target=\\"undefined\\">commodo consequat</a>. Duis aute irure dolor in reprehenderit in voluptate velit esse cillum dolore eu fugiat <a href=\\"linkResolver(XvoFFREAAM0WGBng)\\">nulla pariatur</a>. Excepteur sint occaecat cupidatat <a href=\\"https://images.prismic.io/200629-sms-hoy/f0a757f6-770d-4eb8-a08b-f1727f1a58e4_guilherme-romano-KI2KaOeT670-unsplash.jpg?auto=compress,format\\">non proident</a>, sunt in culpa qui officia deserunt mollit anim id est laborum.</p>",
  "<pre>Lorem ipsum dolor sit amet, consectetur adipiscing elit, sed do eiusmod tempor incididunt ut labore et dolore magna aliqua. Ut enim ad minim veniam, quis nostrud exercitation ullamco laboris nisi ut aliquip ex ea commodo consequat. Duis aute irure dolor in reprehenderit in voluptate velit esse cillum dolore eu fugiat nulla pariatur. Excepteur sint occaecat cupidatat non proident, sunt in culpa qui officia deserunt mollit anim id est laborum.</pre>",
  "<p><span class=\\"label\\">Lorem ipsum dolor <strong>sit amet</strong>, consecte</span>tur <em>adipiscing elit</em>, sed do eiusmod tempor incididunt ut labore et dolore <span class=\\"label\\">magna aliqua</span>. Ut enim ad minim veniam, quis nostrud exercitation ullamco laboris nisi ut aliquip ex ea <a href=\\"https://google.com\\" target=\\"undefined\\">commodo consequat</a>. Duis aute irure dolor in reprehenderit in voluptate velit esse cillum dolore eu fugiat <a href=\\"linkResolver(XvoFFREAAM0WGBng)\\">nulla pariatur</a>. Excepteur sint occaecat cupidatat <a href=\\"https://images.prismic.io/200629-sms-hoy/f0a757f6-770d-4eb8-a08b-f1727f1a58e4_guilherme-romano-KI2KaOeT670-unsplash.jpg?auto=compress,format\\">non proident</a>, sunt in culpa qui officia deserunt mollit anim id est laborum.</p>",
  "<iframe width=\\"200\\" height=\\"113\\" src=\\"https://www.youtube.com/embed/n5CwXuyNfoc?feature=oembed\\" frameborder=\\"0\\" allow=\\"accelerometer; autoplay; clipboard-write; encrypted-media; gyroscope; picture-in-picture\\" allowfullscreen></iframe>",
  "<p><span class=\\"label\\">Lorem ipsum dolor <strong>sit amet</strong>, consecte</span>tur <em>adipiscing elit</em>, sed do eiusmod tempor incididunt ut labore et dolore <span class=\\"label\\">magna aliqua</span>. Ut enim ad minim veniam, quis nostrud exercitation ullamco laboris nisi ut aliquip ex ea <a href=\\"https://google.com\\" target=\\"undefined\\">commodo consequat</a>. Duis aute irure dolor in reprehenderit in voluptate velit esse cillum dolore eu fugiat <a href=\\"linkResolver(XvoFFREAAM0WGBng)\\">nulla pariatur</a>. Excepteur sint occaecat cupidatat <a href=\\"https://images.prismic.io/200629-sms-hoy/f0a757f6-770d-4eb8-a08b-f1727f1a58e4_guilherme-romano-KI2KaOeT670-unsplash.jpg?auto=compress,format\\">non proident</a>, sunt in culpa qui officia deserunt mollit anim id est laborum.</p>",
  "<img src=\\"https://images.prismic.io/200629-sms-hoy/f0a757f6-770d-4eb8-a08b-f1727f1a58e4_guilherme-romano-KI2KaOeT670-unsplash.jpg?auto=compress,format\\" alt=\\"An Atlantic Puffin\\" />",
]
`;
